Microchip MPLAB XC8 Compiler V3.00

Linker command line:

-W-3 \
  --edf=C:/Program Files/Microchip/MPLABX/v6.25/packs/Microchip/PIC18Fxxxx_DFP/1.7.171/xc8\pic\dat\20250117225543_en.msgs \
  -cn -h+dist/default/production\PIC_I2C_PCF8574.X.production.sym \
  --cmf=dist/default/production\PIC_I2C_PCF8574.X.production.cmf -z \
  -Q18F4580 -oC:\Users\mohda\AppData\Local\Temp\xcAs7rc.\driver_tmp_3.o \
  --defsym=__MPLAB_BUILD=1 --fixupoverflow=error \
  -Mdist/default/production/PIC_I2C_PCF8574.X.production.map \
  --md=C:\Users\mohda\AppData\Local\Temp\xcAs7rc.\driver_tmp_0.dat -E1 \
  -ver=XC8 Compiler -ACODE=00h-07FFFh -ACONST=00h-07FFFh \
  -ASMALLCONST=0600h-06FFhx122 -AMEDIUMCONST=0600h-07FFFh -ACOMRAM=01h-05Fh \
  -AABS1=00h-05FFh -ABIGRAM=01h-05FFh -ARAM=060h-0FFh,0100h-01FFhx5 \
  -ABANK0=060h-0FFh -ABANK1=0100h-01FFh -ABANK2=0200h-02FFh \
  -ABANK3=0300h-03FFh -ABANK4=0400h-04FFh -ABANK5=0500h-05FFh \
  -ASFR=0D00h-0DFFhx2,0F00h-0F5Fh,0F60h-0FFFh -ABIGSFR=0D00h-0FFFh \
  -ACONFIG=0300000h-030000Dh -AIDLOC=0200000h-0200007h \
  -AEEDATA=0F00000h-0F000FFh -peeprom_data=EEDATA \
  -preset_vec=00h,intcode=8h,intcodelo=18h,sivt_lo,sivt_hi=CODE \
  -ppowerup=CODE,init -pramtop=0600h -psmallconst=SMALLCONST \
  -pmediumconst=MEDIUMCONST -pconst=CONST -AFARRAM=00h-00h \
  -prdata=COMRAM,nvrram=COMRAM,nvbit=COMRAM,rbss=COMRAM,rbit=COMRAM \
  -pfarbss=FARRAM,fardata=FARRAM,nvFARRAM=FARRAM \
  -pintsave_regs=BIGRAM,bigbss=BIGRAM,bigdata=BIGRAM -pbss=RAM \
  -pidata=CODE,irdata=CODE,ibigdata=CODE,ifardata=CODE -prparam=COMRAM \
  C:\Users\mohda\AppData\Local\Temp\xcAs7rc.\driver_tmp_9.o \
  dist/default/production\PIC_I2C_PCF8574.X.production.o 

Object code version is 3.11

Machine type is 18F4580



                Name                               Link     Load   Length Selector   Space Scale
C:\Users\mohda\AppData\Local\Temp\xcAs7rc.\driver_tmp_9.o
                init                               7FFC     7FFC        4     3FFE       0
                reset_vec                             0        0        4        0       0
dist/default/production\PIC_I2C_PCF8574.X.production.o
                smallconst                          600      600       18      300       0
                text12                              8A4      8A4       12      30C       0
                text11                              6DA      6DA       40      30C       0
                text10                              870      870       1E      30C       0
                text9                               7BE      7BE       34      30C       0
                text8                               824      824       2C      30C       0
                text7                               684      684       56      30C       0
                text6                               752      752       38      30C       0
                text5                               88E      88E       16      30C       0
                text4                               850      850       20      30C       0
                text3                               7F2      7F2       32      30C       0
                text2                               71A      71A       38      30C       0
                text1                               78A      78A       34      30C       0
                text0                               618      618       6C      30C       0
                cstackCOMRAM                          1        1       12        1       1
                cinit                               8B6      8B6        A      30C       0

TOTAL           Name                               Link     Load   Length     Space
        CLASS   CODE           
                init                               7FFC     7FFC        4         0
                reset_vec                             0        0        4         0
                text12                              8A4      8A4       12         0
                text11                              6DA      6DA       40         0
                text10                              870      870       1E         0
                text9                               7BE      7BE       34         0
                text8                               824      824       2C         0
                text7                               684      684       56         0
                text6                               752      752       38         0
                text5                               88E      88E       16         0
                text4                               850      850       20         0
                text3                               7F2      7F2       32         0
                text2                               71A      71A       38         0
                text1                               78A      78A       34         0
                text0                               618      618       6C         0
                cinit                               8B6      8B6        A         0

        CLASS   CONST          

        CLASS   SMALLCONST     
                smallconst                          600      600       18         0

        CLASS   MEDIUMCONST    

        CLASS   COMRAM         
                cstackCOMRAM                          1        1       12         1

        CLASS   ABS1           

        CLASS   BIGRAM         

        CLASS   RAM            

        CLASS   BANK0          

        CLASS   BANK1          

        CLASS   BANK2          

        CLASS   BANK3          

        CLASS   BANK4          

        CLASS   BANK5          

        CLASS   SFR            

        CLASS   BIGSFR         

        CLASS   CONFIG         

        CLASS   IDLOC          

        CLASS   EEDATA         

        CLASS   FARRAM         

        CLASS   HEAP           

        CLASS   STACK          



SEGMENTS        Name                           Load    Length   Top    Selector   Space  Class

                reset_vec                      000000  000004  000004         0       0  CODE    
                cstackCOMRAM                   000001  000012  000013         1       1  COMRAM  
                smallconst                     000600  000018  000618       300       0  SMALLCON
                text0                          000618  0002A8  0008C0       30C       0  CODE    
                init                           007FFC  000004  008000      3FFE       0  CODE    


UNUSED ADDRESS RANGES

        Name                Unused          Largest block    Delta
        BANK0            0060-00FF             A0
        BANK1            0100-01FF            100
        BANK2            0200-02FF            100
        BANK3            0300-03FF            100
        BANK4            0400-04FF            100
        BANK5            0500-05FF            100
        BIGRAM           0013-05FF            5ED
        BIGSFR           0D00-0FFF            300
        CODE             0004-05FF            5FC
                         08C0-7FFB           773C
        COMRAM           0013-005F             4D
        CONFIG           300000-30000D              E
        CONST            0004-05FF            5FC
                         08C0-7FFB           773C
        EEDATA           F00000-F000FF            100
        IDLOC            200000-200007              8
        MEDIUMCONST      08C0-7FFB           773C
        RAM              0060-05FF            100
        SFR              0D00-0FFF            100
        SMALLCONST       08C0-7FFB            100

                                  Symbol Table

I2C_beginTransmission@address  cstackCOMRAM 0002
I2C_writeData@data             cstackCOMRAM 0001
_I2C_begin                     text12       08A4
_I2C_beginTransmission         text9        07BE
_I2C_endTransmission           text8        0824
_I2C_ready                     text11       06DA
_I2C_writeData                 text10       0870
_LATDbits                      (abs)        0F8C
_PIR1bits                      (abs)        0F9E
_PIR2bits                      (abs)        0FA1
_SSPADD                        (abs)        0FC8
_SSPBUF                        (abs)        0FC9
_SSPCON1                       (abs)        0FC6
_SSPCON1bits                   (abs)        0FC6
_SSPCON2                       (abs)        0FC5
_SSPCON2bits                   (abs)        0FC5
_SSPSTATbits                   (abs)        0FC7
_TRISDbits                     (abs)        0F95
__HRAM                         (abs)        0000
__H__absolute__                __absolute__ 0000
__Habs1                        abs1         0000
__Hbank0                       bank0        0000
__Hbank1                       bank1        0000
__Hbank2                       bank2        0000
__Hbank3                       bank3        0000
__Hbank4                       bank4        0000
__Hbank5                       bank5        0000
__Hbigbss                      bigbss       0000
__Hbigdata                     bigdata      0000
__Hbigram                      bigram       0000
__Hbigsfr                      bigsfr       0000
__Hbss                         bss          0000
__Hcinit                       cinit        0000
__Hclrtext                     clrtext      0000
__Hcomram                      comram       0000
__Hconfig                      config       0000
__Hconst                       const        0000
__HcstackCOMRAM                cstackCOMRAM 0000
__Hdata                        data         0000
__Heeprom_data                 eeprom_data  0000
__Hfarbss                      farbss       0000
__Hfardata                     fardata      0000
__Hheap                        heap         0000
__Hibigdata                    ibigdata     0000
__Hidata                       idata        0000
__Hidloc                       idloc        0000
__Hifardata                    ifardata     0000
__Hinit                        init         8000
__Hintcode                     intcode      0008
__Hintcode_body                intcode_body 0000
__Hintcodelo                   intcodelo    0018
__Hintentry                    intentry     0000
__Hintret                      intret       0000
__Hintsave_regs                intsave_regs 0000
__Hirdata                      irdata       0000
__Hmediumconst                 mediumconst  0000
__HnvFARRAM                    nvFARRAM     0000
__Hnvbit                       nvbit        0000
__Hnvrram                      nvrram       0000
__Hparam                       rparam       0000
__Hpowerup                     powerup      0000
__Hram                         ram          0000
__Hramtop                      ramtop       0600
__Hrbit                        rbit         0000
__Hrbss                        rbss         0000
__Hrdata                       rdata        0000
__Hreset_vec                   reset_vec    0004
__Hrparam                      rparam       0000
__Hsfr                         sfr          0000
__Hsivt_hi                     sivt_hi      0000
__Hsivt_lo                     sivt_lo      0018
__Hsmallconst                  smallconst   0618
__Hspace_0                     (abs)        8000
__Hspace_1                     (abs)        0013
__Hspace_2                     (abs)        0000
__Hspace_4                     (abs)        0000
__Hstack                       stack        0000
__Hstruct                      struct       0000
__Htemp                        temp         0000
__Htext                        text         0000
__Htext0                       text0        0000
__Htext1                       text1        0000
__Htext10                      text10       0000
__Htext11                      text11       0000
__Htext12                      text12       0000
__Htext2                       text2        0000
__Htext3                       text3        0000
__Htext4                       text4        0000
__Htext5                       text5        0000
__Htext6                       text6        0000
__Htext7                       text7        0000
__Htext8                       text8        0000
__Htext9                       text9        0000
__LRAM                         (abs)        0001
__L__absolute__                __absolute__ 0000
__Labs1                        abs1         0000
__Lbank0                       bank0        0000
__Lbank1                       bank1        0000
__Lbank2                       bank2        0000
__Lbank3                       bank3        0000
__Lbank4                       bank4        0000
__Lbank5                       bank5        0000
__Lbigbss                      bigbss       0000
__Lbigdata                     bigdata      0000
__Lbigram                      bigram       0000
__Lbigsfr                      bigsfr       0000
__Lbss                         bss          0000
__Lcinit                       cinit        0000
__Lclrtext                     clrtext      0000
__Lcomram                      comram       0000
__Lconfig                      config       0000
__Lconst                       const        0000
__LcstackCOMRAM                cstackCOMRAM 0000
__Ldata                        data         0000
__Leeprom_data                 eeprom_data  0000
__Lfarbss                      farbss       0000
__Lfardata                     fardata      0000
__Lheap                        heap         0000
__Libigdata                    ibigdata     0000
__Lidata                       idata        0000
__Lidloc                       idloc        0000
__Lifardata                    ifardata     0000
__Linit                        init         7FFC
__Lintcode                     intcode      0008
__Lintcode_body                intcode_body 0000
__Lintcodelo                   intcodelo    0018
__Lintentry                    intentry     0000
__Lintret                      intret       0000
__Lintsave_regs                intsave_regs 0000
__Lirdata                      irdata       0000
__Lmediumconst                 mediumconst  0000
__LnvFARRAM                    nvFARRAM     0000
__Lnvbit                       nvbit        0000
__Lnvrram                      nvrram       0000
__Lparam                       rparam       0000
__Lpowerup                     powerup      0000
__Lram                         ram          0000
__Lramtop                      ramtop       0600
__Lrbit                        rbit         0000
__Lrbss                        rbss         0000
__Lrdata                       rdata        0000
__Lreset_vec                   reset_vec    0000
__Lrparam                      rparam       0000
__Lsfr                         sfr          0000
__Lsivt_hi                     sivt_hi      0000
__Lsivt_lo                     sivt_lo      0018
__Lsmallconst                  smallconst   0600
__Lspace_0                     (abs)        0000
__Lspace_1                     (abs)        0000
__Lspace_2                     (abs)        0000
__Lspace_4                     (abs)        0000
__Lstack                       stack        0000
__Lstruct                      struct       0000
__Ltemp                        temp         0000
__Ltext                        text         0000
__Ltext0                       text0        0000
__Ltext1                       text1        0000
__Ltext10                      text10       0000
__Ltext11                      text11       0000
__Ltext12                      text12       0000
__Ltext2                       text2        0000
__Ltext3                       text3        0000
__Ltext4                       text4        0000
__Ltext5                       text5        0000
__Ltext6                       text6        0000
__Ltext7                       text7        0000
__Ltext8                       text8        0000
__Ltext9                       text9        0000
__S0                           (abs)        8000
__S1                           (abs)        0013
__S4                           (abs)        0000
__S5                           (abs)        0000
___heap_hi                     (abs)        0000
___heap_lo                     (abs)        0000
___inthi_sp                    stack        0000
___inthi_stack_hi              stack        0000
___inthi_stack_lo              stack        0000
___intlo_sp                    stack        0000
___intlo_stack_hi              stack        0000
___intlo_stack_lo              stack        0000
___param_bank                  (abs)        0000
___rparam_used                 (abs)        0001
___sp                          stack        0000
___stack_hi                    stack        0000
___stack_lo                    stack        0000
__accesstop                    (abs)        0060
__activetblptr                 (abs)        0002
__end_of_I2C_begin             text12       08B6
__end_of_I2C_beginTransmission text9        07F2
__end_of_I2C_endTransmission   text8        0850
__end_of_I2C_ready             text11       071A
__end_of_I2C_writeData         text10       088E
__end_of__initialization       cinit        08B6
__end_of_lcd_clear             text5        08A4
__end_of_lcd_cmd               text6        078A
__end_of_lcd_init              text4        0870
__end_of_lcd_print             text2        0752
__end_of_lcd_put_cursor        text3        0824
__end_of_lcd_string            text1        07BE
__end_of_main                  text0        0684
__end_of_send_to_display       text7        06DA
__initialization               cinit        08B6
__mediumconst                  smallconst   0600
__pcinit                       cinit        08B6
__pcstackCOMRAM                cstackCOMRAM 0001
__psmallconst                  smallconst   0600
__ptext0                       text0        0618
__ptext1                       text1        078A
__ptext10                      text10       0870
__ptext11                      text11       06DA
__ptext12                      text12       08A4
__ptext2                       text2        071A
__ptext3                       text3        07F2
__ptext4                       text4        0850
__ptext5                       text5        088E
__ptext6                       text6        0752
__ptext7                       text7        0684
__ptext8                       text8        0824
__ptext9                       text9        07BE
__ramtop                       ramtop       0600
__smallconst                   smallconst   0600
_lcd_clear                     text5        088E
_lcd_cmd                       text6        0752
_lcd_init                      text4        0850
_lcd_print                     text2        071A
_lcd_put_cursor                text3        07F2
_lcd_string                    text1        078A
_main                          text0        0618
_send_to_display               text7        0684
end_of_initialization          cinit        08B6
intlevel0                      text         0000
intlevel1                      text         0000
intlevel2                      text         0000
intlevel3                      text         0000
isa$std                        (abs)        0001
isa$xinst                      (abs)        0000
lcd_cmd@cmd                    cstackCOMRAM 000C
lcd_cmd@cmd_arr                cstackCOMRAM 0008
lcd_cmd@high_nib               cstackCOMRAM 000D
lcd_cmd@low_nib                cstackCOMRAM 000E
lcd_print@data                 cstackCOMRAM 000C
lcd_print@data_arr             cstackCOMRAM 0008
lcd_print@high_nib             cstackCOMRAM 000D
lcd_print@low_nib              cstackCOMRAM 000E
lcd_put_cursor@col             cstackCOMRAM 000F
lcd_put_cursor@row             cstackCOMRAM 0010
lcd_string@str                 cstackCOMRAM 000F
send_to_display@disp_arr       cstackCOMRAM 0003
send_to_display@i              cstackCOMRAM 0005
stackhi                        (abs)        0000
stacklo                        (abs)        0000
start                          init         7FFC
start_initialization           cinit        08B6


MODULE INFORMATION

Module		Function		Class		Link	Load	Size
shared
		__initialization		CODE           	08B6	0000	1

shared estimated size: 1

main.c
		_send_to_display		CODE           	0684	0000	86
		_I2C_writeData 		CODE           	0870	0000	30
		_I2C_ready     		CODE           	06DA	0000	64
		_lcd_cmd       		CODE           	0752	0000	56
		_I2C_beginTransmission		CODE           	07BE	0000	52
		_main          		CODE           	0618	0000	108
		_lcd_put_cursor		CODE           	07F2	0000	50
		_I2C_endTransmission		CODE           	0824	0000	44
		_I2C_begin     		CODE           	08A4	0000	18
		_lcd_clear     		CODE           	088E	0000	22
		_lcd_print     		CODE           	071A	0000	56
		_lcd_string    		CODE           	078A	0000	52
		_lcd_init      		CODE           	0850	0000	32

main.c estimated size: 670

